23mcce16@ailab-47:~/Desktop$ date
Wednesday 06 August 2025 10:43:47 AM IST
23mcce16@ailab-47:~/Desktop$ cal
bash: cal: command not found
23mcce16@ailab-47:~/Desktop$ echo os
os
23mcce16@ailab-47:~/Desktop$ man cal
No manual entry for cal
23mcce16@ailab-47:~/Desktop$ man echo
23mcce16@ailab-47:~/Desktop$ ls
 23mcce16_13-02-25   IT_LAB         '#mongodb_db-link#'   pmlab2
 db.sql              it_lab_minor2   os                  'Sem IV'
 dfs                 java            pmlab
23mcce16@ailab-47:~/Desktop$ pwd
/users/imtech/23mcce16/Desktop
23mcce16@ailab-47:~/Desktop$ mkdir os_lab
23mcce16@ailab-47:~/Desktop$ cd os_lab
23mcce16@ailab-47:~/Desktop/os_lab$ cd ..
23mcce16@ailab-47:~/Desktop$ rmdir os_lab
23mcce16@ailab-47:~/Desktop$ cd os
23mcce16@ailab-47:~/Desktop/os$ vi hello.c
23mcce16@ailab-47:~/Desktop/os$ cat helloc
cat: helloc: No such file or directory
23mcce16@ailab-47:~/Desktop/os$ cat hello.c
#include<stdio.h>

int main()
{
	printf("hello world!\n");
	return 0;
}
23mcce16@ailab-47:~/Desktop/os$ mkdir lab1
23mcce16@ailab-47:~/Desktop/os$ vim file.txt
23mcce16@ailab-47:~/Desktop/os$ sort file.txt
antu
anuj
bhavani
chandan
piyush
sanath
vinneth
yash
23mcce16@ailab-47:~/Desktop/os$ sort -r file.txt
yash
vinneth
sanath
piyush
chandan
bhavani
anuj
antu
23mcce16@ailab-47:~/Desktop/os$ cat file.txt
chandan
yash
anuj
piyush
antu
bhavani
sanath
vinneth
23mcce16@ailab-47:~/Desktop/os$ sort file.txt > sort.txt
23mcce16@ailab-47:~/Desktop/os$ ls
file.txt  hello.c  lab1  readme.md  sort.txt
23mcce16@ailab-47:~/Desktop/os$ cat sort.txt
antu
anuj
bhavani
chandan
piyush
sanath
vinneth
yash
23mcce16@ailab-47:~/Desktop/os$ s
